
> izhubs-erp@0.1.0 test:contracts
> jest --config jest.config.ts --testPathPattern=tests/contracts

node.exe : FAIL contracts tests/contracts/biz-ops.financial.test.ts
At line:1 char:1
+ & "C:\Program Files\nodejs/node.exe" "C:\Program Files\nodejs/node_mo ...
+ ~~~~~~~~~~~~~~~~~~~~~~~~~~~~~~~~~~~~~~~~~~~~~~~~~~~~~~~~~~~~~~~~~~~~~
    + CategoryInfo          : NotSpecified: (FAIL contracts ...nancial.test.ts:String) [], RemoteExcep 
   tion
    + FullyQualifiedErrorId : NativeCommandError
 
  ΓùÅ Biz-Ops Financial Tracking & COGS (Phase 1.2) ΓÇ║ Postgres Triggers: Expense Records -> 
actual_cogs ΓÇ║ should correctly sum paid expenses into actual_cogs

    AggregateError

    [0m [90m 12 |[39m   beforeAll([36masync[39m () [33m=>[39m {
     [90m 13 |[39m     [90m// 1. Setup Tenant[39m
    [31m[1m>[22m[39m[90m 14 |[39m     [36mconst[39m tRes [33m=[39m [36mawait[39m 
db[33m.[39mquery([32m`INSERT INTO tenants (name, slug, industry) VALUES ('Finance Test Tenant', 
'finance-test', 'agency') RETURNING id`[39m)[33m;[39m
     [90m    |[39m                  [31m[1m^[22m[39m
     [90m 15 |[39m     tenantId [33m=[39m tRes[33m.[39mrows[[35m0[39m][33m.[39mid[33m;[39m
     [90m 16 |[39m
     [90m 17 |[39m     [90m// 2. Setup Contract[39m[0m

      at node_modules/pg-pool/index.js:45:11
      at async Object.<anonymous> (tests/contracts/biz-ops.financial.test.ts:14:18)

  ΓùÅ Biz-Ops Financial Tracking & COGS (Phase 1.2) ΓÇ║ Postgres Triggers: Payment Records -> 
collected_value ΓÇ║ should correctly sum paid payments into collected_value

    AggregateError

    [0m [90m 12 |[39m   beforeAll([36masync[39m () [33m=>[39m {
     [90m 13 |[39m     [90m// 1. Setup Tenant[39m
    [31m[1m>[22m[39m[90m 14 |[39m     [36mconst[39m tRes [33m=[39m [36mawait[39m 
db[33m.[39mquery([32m`INSERT INTO tenants (name, slug, industry) VALUES ('Finance Test Tenant', 
'finance-test', 'agency') RETURNING id`[39m)[33m;[39m
     [90m    |[39m                  [31m[1m^[22m[39m
     [90m 15 |[39m     tenantId [33m=[39m tRes[33m.[39mrows[[35m0[39m][33m.[39mid[33m;[39m
     [90m 16 |[39m
     [90m 17 |[39m     [90m// 2. Setup Contract[39m[0m

      at node_modules/pg-pool/index.js:45:11
      at async Object.<anonymous> (tests/contracts/biz-ops.financial.test.ts:14:18)


  ΓùÅ Test suite failed to run

    AggregateError

    [0m [90m 38 |[39m   afterAll([36masync[39m () [33m=>[39m {
     [90m 39 |[39m     [90m// Teardown[39m
    [31m[1m>[22m[39m[90m 40 |[39m     [36mawait[39m db[33m.[39mquery([32m`DELETE FROM 
tenants WHERE id = $1`[39m[33m,[39m [tenantId])[33m;[39m
     [90m    |[39m     [31m[1m^[22m[39m
     [90m 41 |[39m   })[33m;[39m
     [90m 42 |[39m
     [90m 43 |[39m   describe([32m'Postgres Triggers: Expense Records -> 
actual_cogs'[39m[33m,[39m () [33m=>[39m {[0m

      at node_modules/pg-pool/index.js:45:11
      at async Object.<anonymous> (tests/contracts/biz-ops.financial.test.ts:40:5)

PASS contracts tests/contracts/auth.test.ts
PASS contracts tests/contracts/biz-ops-api.test.ts
PASS contracts tests/contracts/plugins-api.test.ts
PASS contracts tests/contracts/izlanding-api.test.ts
PASS contracts tests/contracts/tenant-provision-api.test.ts
PASS contracts tests/contracts/izform-api.test.ts
PASS contracts tests/contracts/service-packages-api.test.ts
PASS contracts tests/contracts/deals.test.ts
PASS contracts tests/contracts/deals-api.test.ts
PASS contracts tests/contracts/rbac.test.ts
PASS contracts tests/contracts/contacts.test.ts

Test Suites: 1 failed, 11 passed, 12 total
Tests:       2 failed, 136 passed, 138 total
Snapshots:   0 total
Time:        0.888 s, estimated 1 s
Ran all test suites matching /tests\\contracts/i.
