
> izhubs-erp@0.1.0 test
> jest --passWithNoTests tests/contracts/biz-ops-api.test.ts

node.exe : FAIL contracts tests/contracts/biz-ops-api.test.ts
At line:1 char:1
+ & "C:\Program Files\nodejs/node.exe" "C:\Program Files\nodejs/node_mo ...
+ ~~~~~~~~~~~~~~~~~~~~~~~~~~~~~~~~~~~~~~~~~~~~~~~~~~~~~~~~~~~~~~~~~~~~~
    + CategoryInfo          : NotSpecified: (FAIL contracts ...ops-api.test.ts:String) [], RemoteException
    + FullyQualifiedErrorId : NativeCommandError
 
  ΓùÅ Test suite failed to run

    Cannot find module '@izerp-plugin/modules/biz-ops/engine/contracts' from 'tests/contracts/biz-ops-api.test.ts'

    [0m [90m  5 |[39m [90m// =============================================================[39m
     [90m  6 |[39m
    [31m[1m>[22m[39m[90m  7 |[39m [36mimport[39m {
     [90m    |[39m [31m[1m^[22m[39m
     [90m  8 |[39m   [33mContractSchema[39m[33m,[39m
     [90m  9 |[39m   [33mCreateContractSchema[39m[33m,[39m
     [90m 10 |[39m   [33mUpdateContractSchema[39m[33m,[39m[0m

      at Resolver._throwModNotFoundError (node_modules/jest-resolve/build/resolver.js:427:11)
      at Object.<anonymous> (tests/contracts/biz-ops-api.test.ts:7:1)

Test Suites: 1 failed, 1 total
Tests:       0 total
Snapshots:   0 total
Time:        0.292 s
Ran all test suites matching /tests\\contracts\\biz-ops-api.test.ts/i.
